........................................................................ [ 23%]
........................................................................ [ 47%]
........................................................................ [ 70%]
........................................................................ [ 94%]
..................                                                       [100%]
============================== warnings summary ===============================
..\..\Users\Kevin Seipel\AppData\Roaming\Python\Python314\site-packages\_pytest\config\__init__.py:1428
  C:\Users\Kevin Seipel\AppData\Roaming\Python\Python314\site-packages\_pytest\config\__init__.py:1428: PytestConfigWarning: Unknown config option: timeout
  
    self._warn_or_fail_if_strict(f"Unknown config option: {key}\n")

-- Docs: https://docs.pytest.org/en/stable/how-to/capture-warnings.html
=============================== tests coverage ================================
_______________ coverage: platform win32, python 3.14.4-final-0 _______________

Name                                         Stmts   Miss Branch BrPart  Cover   Missing
----------------------------------------------------------------------------------------
pcap2kml_player\__init__.py                      0      0      0      0 100.0%
pcap2kml_player\app_memory.py                   58      6      8      2  84.8%   30-33, 68, 78
pcap2kml_player\asn1_schemas.py                209     63     56     15  69.1%   29-30, 110-112, 126, 138-139, 149, 154, 172-174, 179-185, 190, 209, 218, 224, 229, 258-260, 274-275, 279-281, 291-292, 304, 308-309, 322-323, 329-330, 334-338, 349-359, 374, 378-379, 396-401
pcap2kml_player\data_model.py                  213     10     54     10  92.5%   144->146, 148->150, 150->152, 157, 159, 161, 227-255, 274, 281, 296-298, 336->339
pcap2kml_player\export_formats.py              164      2     36      6  96.0%   32-33, 98->114, 222->225, 231->244, 240->236, 318->343
pcap2kml_player\kml_exporter.py                 80      4     26      5  91.5%   75-76, 79, 131->133, 135->137, 138, 145->148
pcap2kml_player\map_backend.py                  24      6      4      0  71.4%   36-44
pcap2kml_player\merge_model.py                 194     25    102     21  82.4%   87, 100->104, 110->113, 113->117, 122->126, 142, 145, 179-181, 200, 204, 224, 230, 236, 238, 249, 253, 259, 263, 265-268, 270-273, 275
pcap2kml_player\nmea_parser.py                  95     15     36      7  83.2%   92, 96, 102-103, 110, 121, 134-135, 142, 148, 153, 169-170, 181-182
pcap2kml_player\parsing_worker.py               40      9      4      1  77.3%   37-38, 47, 50-54, 57->exit, 63
pcap2kml_player\pcap_parser.py                 770    167    354     78  74.5%   112, 133, 142-147, 177, 181, 210, 211->213, 215-232, 270-274, 276-277, 296-298, 310->316, 314-315, 318->321, 331-333, 354, 363, 367, 369-372, 374->378, 391, 399-400, 424, 430, 441, 453, 457-458, 477, 480->483, 484->487, 488->490, 532, 535, 540, 544->557, 554-555, 558->560, 580->583, 584->617, 589, 602, 609->612, 625->635, 629, 699, 709->711, 729->751, 737->739, 740->742, 743->745, 746->748, 759, 772->778, 776->778, 780->783, 785->788, 792->794, 814, 820->822, 823->838, 880-882, 888->890, 890->892, 896->898, 898->900, 913, 920, 929-930, 935->937, 937->941, 948->955, 950->952, 952->955, 959, 965, 1006, 1026-1095, 1100-1104, 1125-1127, 1135-1136, 1141-1170, 1176->1209, 1180->1182, 1195-1201, 1204, 1210-1213, 1217, 1250, 1253-1255
pcap2kml_player\player_controller.py           171     32     50     13  76.0%   43, 66->exit, 77->80, 80->exit, 86, 88-89, 93, 107-109, 139, 146->exit, 151-155, 171-172, 177-178, 184-195, 197->204, 211, 216
pcap2kml_player\prioritization_exporter.py      48      1      6      1  96.3%   131
pcap2kml_player\protocol_constants.py            3      0      0      0 100.0%
pcap2kml_player\qt_runtime.py                   45      2     16      3  91.8%   82, 89->88, 91
pcap2kml_player\scene_model.py                 759    107    352     60  81.2%   113, 393, 402, 446, 449, 523-553, 572-599, 635->657, 638-647, 655, 695, 711-752, 801, 806, 838-841, 932, 939, 964, 970->961, 986, 1001, 1005, 1008, 1024, 1041, 1113, 1115, 1119, 1130, 1135, 1137, 1138->1140, 1149-1152, 1164, 1165->1162, 1200, 1202, 1225, 1228, 1235->1223, 1249, 1252, 1258, 1262, 1295, 1299->1293, 1309, 1332, 1336, 1343->1334, 1350, 1364, 1372, 1376->1388, 1389, 1413-1414, 1442, 1446, 1453->1457, 1455->1453, 1458, 1468-1474, 1482-1495
pcap2kml_player\security_parser.py             231     50    120     12  74.9%   127, 135, 159->155, 194-195, 199->184, 224, 236->234, 242-243, 253-297, 347, 352->375, 355-372, 381->390, 390->396
pcap2kml_player\statistics.py                   68      3     16      4  91.7%   80, 92->89, 98, 128
----------------------------------------------------------------------------------------
TOTAL                                         3172    502   1240    238  80.2%
Required test coverage of 80.0% reached. Total coverage: 80.24%
306 passed, 1 warning in 25.71s
